node.exe : ΓÜá Warning: Next.js inferred your workspace root, but it 
may not be correct.
At line:1 char:1
+ & "C:\Program Files\nodejs/node.exe" "C:\Program 
Files\nodejs/node_mo ...
+ 
~~~~~~~~~~~~~~~~~~~~~~~~~~~~~~~~~~~~~~~~~~~~~~~~~~~~~~~~~~~~~~~~~~~~~
    + CategoryInfo          : NotSpecified: (ΓÜá Warning: Ne...not be 
    correct.:String) [], RemoteException
    + FullyQualifiedErrorId : NativeCommandError
 
 We detected multiple lockfiles and selected the directory of D:\AI 
Code Reviewer\Automated_Vulnerability_Assesment\package-lock.json as 
the root directory.
 To silence this warning, set `turbopack.root` in your Next.js 
config, or consider removing one of the lockfiles if it's not needed.
   See https://nextjs.org/docs/app/api-reference/config/next-config-js
/turbopack#root-directory for more information.
 Detected additional lockfiles: 
   * D:\AI Code 
Reviewer\Automated_Vulnerability_Assesment\frontend\package-lock.json

Γû▓ Next.js 16.1.6 (Turbopack)
- Environments: .env.local

  Creating an optimized production build ...
Γ£ô Compiled successfully in 6.0s
  Running TypeScript ...
  Collecting page data using 15 workers ...
  Generating static pages using 15 workers (0/13) ...
  Generating static pages using 15 workers (3/13) 
  Generating static pages using 15 workers (6/13) 
  Generating static pages using 15 workers (9/13) 
Γ£ô Generating static pages using 15 workers (13/13) in 1098.6ms
  Finalizing page optimization ...

Route (app)
Γöî Γùï /
Γö£ Γùï /_not-found
Γö£ ╞Æ /api/chat
Γö£ ╞Æ /api/fix-issue
Γö£ ╞Æ /api/nango/session
Γö£ ╞Æ /api/repos
Γö£ ╞Æ /api/telegram/webhook
Γö£ Γùï /chat
Γö£ Γùï /dashboard
Γö£ Γùï /dashboard/chat
Γö£ Γùï /dashboard/integration
Γöö Γùï /scan


Γùï  (Static)   prerendered as static content
╞Æ  (Dynamic)  server-rendered on demand

